// Jest Snapshot v1, https://goo.gl/fbAQLP

exports[`File should render correctly 1`] = `
<li
  className="file"
  key="file-test.js"
>
  <ContextMenuTrigger
    attributes={Object {}}
    collect={[Function]}
    disable={false}
    disableIfShiftIsPressed={false}
    holdToDisplay={1000}
    id="file_menu_10"
    mouseButton={2}
    posX={0}
    posY={0}
    renderTag="div"
  >
    <div
      className="file__title"
    >
      test.js
    </div>
  </ContextMenuTrigger>
  <FileContextMenu
    id={10}
    onDeleteClick={[Function]}
    onRenameClick={[Function]}
  />
</li>
`;
